// Jest Snapshot v1, https://goo.gl/fbAQLP

exports[`App Test that App renders 1`] = `
<div>
  <h1 />
  <div>
    <div>
      Overview Here!
    </div>
  </div>
  <br />
  <div>
    <h2>
      Related Products
    </h2>
    <div
      className="productCard"
    />
    <h2
      className="yourOutfitTitle"
    >
      Your Outfit
    </h2>
    <div
      className="yourOutfitCard"
    >
      <div
        className="img"
      >
        X
      </div>
      <div
        className="cardCategory"
      >
        Category
      </div>
      <div
        className="expProductName"
      >
        Expanded product name with extra text
      </div>
      <div
        className="cardPrice"
      >
        $80.00
      </div>
      <div
        className="cardRating"
      >
        *****
      </div>
    </div>
  </div>
  <br />
  <br />
  <div>
    <div>
      <h1>
        0
      </h1>
      <div>
        <div
          className="single-star-container"
        >
          <div
            className="single-star-fill"
            style={
              Object {
                "width": "0px",
              }
            }
          >
            <img
              alt="stars alt"
              className="single-star-outline"
              src="star.png"
            />
          </div>
        </div>
        <div
          className="single-star-container"
        >
          <div
            className="single-star-fill"
            style={
              Object {
                "width": "0px",
              }
            }
          >
            <img
              alt="stars alt"
              className="single-star-outline"
              src="star.png"
            />
          </div>
        </div>
        <div
          className="single-star-container"
        >
          <div
            className="single-star-fill"
            style={
              Object {
                "width": "0px",
              }
            }
          >
            <img
              alt="stars alt"
              className="single-star-outline"
              src="star.png"
            />
          </div>
        </div>
        <div
          className="single-star-container"
        >
          <div
            className="single-star-fill"
            style={
              Object {
                "width": "0px",
              }
            }
          >
            <img
              alt="stars alt"
              className="single-star-outline"
              src="star.png"
            />
          </div>
        </div>
        <div
          className="single-star-container"
        >
          <div
            className="single-star-fill"
            style={
              Object {
                "width": "0px",
              }
            }
          >
            <img
              alt="stars alt"
              className="single-star-outline"
              src="star.png"
            />
          </div>
        </div>
      </div>
    </div>
  </div>
</div>
`;
