// Jest Snapshot v1, https://goo.gl/fbAQLP

exports[`RelatedProduct Test that Main renders 1`] = `
<div>
  <h2>
    Related Products
  </h2>
  <div
    className="productCard"
  />
  <h2
    className="yourOutfitTitle"
  >
    Your Outfit
  </h2>
  <div
    className="yourOutfitCard"
  >
    <div
      className="img"
    >
      X
    </div>
    <div
      className="cardCategory"
    >
      Category
    </div>
    <div
      className="expProductName"
    >
      Expanded product name with extra text
    </div>
    <div
      className="cardPrice"
    >
      $80.00
    </div>
    <div
      className="cardRating"
    >
      *****
    </div>
  </div>
</div>
`;
